// Jest Snapshot v1, https://goo.gl/fbAQLP

exports[`an unauthorized user should not be able to update the navigation tree 1`] = `[TypeError: createNavigationTree is not a function]`;
