// Jest Snapshot v1, https://goo.gl/fbAQLP

exports[`unauthorized user cannot update tag 1`] = `[TypeError: updateTag is not a function]`;
