// Jest Snapshot v1, https://goo.gl/fbAQLP

exports[`an unauthorized user cannot create a surcharge 1`] = `[TypeError: createSurcharge is not a function]`;
