// Jest Snapshot v1, https://goo.gl/fbAQLP

exports[`an unauthorized user cannot delete a surcharge 1`] = `[TypeError: deleteSurcharge is not a function]`;
