// Jest Snapshot v1, https://goo.gl/fbAQLP

exports[`an unauthorized user cannot update a surcharge 1`] = `[TypeError: updateSurcharge is not a function]`;
