// Jest Snapshot v1, https://goo.gl/fbAQLP

exports[`an anonymous user should not be able to approve order payments 1`] = `[TypeError: approveOrderPaymentsMutation is not a function]`;
