// Jest Snapshot v1, https://goo.gl/fbAQLP

exports[`an anonymous user should not be able to capture order payments 1`] = `[TypeError: captureOrderPaymentsMutation is not a function]`;
