// Jest Snapshot v1, https://goo.gl/fbAQLP

exports[`user can not update account address if not logged in 1`] = `[TypeError: updateAccountAddressBookEntry is not a function]`;
