// Jest Snapshot v1, https://goo.gl/fbAQLP

exports[`user can not delete account address if not logged in 1`] = `[TypeError: removeAccountAddressBookEntry is not a function]`;
