// Jest Snapshot v1, https://goo.gl/fbAQLP

exports[`shop owner cannot delete flat rate fulfillment restriction if not logged in 1`] = `[TypeError: deleteFlatRateFulfillmentRestriction is not a function]`;
