// Jest Snapshot v1, https://goo.gl/fbAQLP

exports[`shop owner cannot update flat rate fulfillment restriction if not logged in 1`] = `[TypeError: updateFlatRateFulfillmentRestriction is not a function]`;
