// Jest Snapshot v1, https://goo.gl/fbAQLP

exports[`unauthorized user cannot remove tag 1`] = `[TypeError: removeTag is not a function]`;
