// Jest Snapshot v1, https://goo.gl/fbAQLP

exports[`an unauthorized user cannot create a navigation item 1`] = `[TypeError: createNavigationItem is not a function]`;
