// Jest Snapshot v1, https://goo.gl/fbAQLP

exports[`an unauthorized user cannot delete a navigation item 1`] = `[TypeError: deleteNavigationItem is not a function]`;
