// Jest Snapshot v1, https://goo.gl/fbAQLP

exports[`an unauthorized user cannot update a navigation item 1`] = `[TypeError: updateNavigationItem is not a function]`;
