// Jest Snapshot v1, https://goo.gl/fbAQLP

exports[`an anonymous user cannot  update global settings 1`] = `[TypeError: globalSettingsMutation is not a function]`;
