// Jest Snapshot v1, https://goo.gl/fbAQLP

exports[`an anonymous user cannot update multiple product's visibility 1`] = `[TypeError: updateProductsVisibilityMutation is not a function]`;
