// Jest Snapshot v1, https://goo.gl/fbAQLP

exports[`an unauthorized user should not be able to update the payment methods 1`] = `[TypeError: enablePaymentMethodsForShop is not a function]`;
