// Jest Snapshot v1, https://goo.gl/fbAQLP

exports[`anonymous users cannot recalculate simple inventory 1`] = `[TypeError: recalculateReservedSimpleInventoryMutation is not a function]`;
