// Jest Snapshot v1, https://goo.gl/fbAQLP

exports[`an anonymous user cannot invite new shop members 1`] = `[TypeError: inviteShopMemberMutation is not a function]`;
