// Jest Snapshot v1, https://goo.gl/fbAQLP

exports[`an anonymous user cannot set the hero media URL for a tag 1`] = `[TypeError: setTagHeroMediaMutation is not a function]`;
