// Jest Snapshot v1, https://goo.gl/fbAQLP

exports[`an anonymous user cannot update shop settings 1`] = `[TypeError: shopSettingsMutation is not a function]`;
